// Jest Snapshot v1, https://goo.gl/fbAQLP

exports[`App Snapshot 1`] = `
ShallowWrapper {
  "length": 1,
  Symbol(enzyme.__root__): [Circular],
  Symbol(enzyme.__unrendered__): <App
    message=""
    user="nobody"
  />,
  Symbol(enzyme.__renderer__): Object {
    "batchedUpdates": [Function],
    "getNode": [Function],
    "render": [Function],
    "simulateEvent": [Function],
    "unmount": [Function],
  },
  Symbol(enzyme.__node__): Object {
    "instance": null,
    "key": undefined,
    "nodeType": "class",
    "props": Object {
      "children": Array [
        <p>
          GetStream status: 
          pending
          <br />
          Message from contract: 
          <br />
          <br />
          <t
            appId="2107292709536080"
            autoLoad={true}
            callback={[Function]}
            cssClass="kep-login-facebook"
            fields="name,email,picture"
            size="metro"
            tag="button"
            textButton="Login with Facebook"
            typeButton="button"
          />
        </p>,
        <br />,
        <br />,
        "User logged: ",
        undefined,
      ],
    },
    "ref": null,
    "rendered": Array [
      Object {
        "instance": null,
        "key": undefined,
        "nodeType": "host",
        "props": Object {
          "children": Array [
            "GetStream status: ",
            "pending",
            <br />,
            "Message from contract: ",
            undefined,
            <br />,
            <br />,
            <t
              appId="2107292709536080"
              autoLoad={true}
              callback={[Function]}
              cssClass="kep-login-facebook"
              fields="name,email,picture"
              size="metro"
              tag="button"
              textButton="Login with Facebook"
              typeButton="button"
            />,
          ],
        },
        "ref": null,
        "rendered": Array [
          "GetStream status: ",
          "pending",
          Object {
            "instance": null,
            "key": undefined,
            "nodeType": "host",
            "props": Object {},
            "ref": null,
            "rendered": null,
            "type": "br",
          },
          "Message from contract: ",
          undefined,
          Object {
            "instance": null,
            "key": undefined,
            "nodeType": "host",
            "props": Object {},
            "ref": null,
            "rendered": null,
            "type": "br",
          },
          Object {
            "instance": null,
            "key": undefined,
            "nodeType": "host",
            "props": Object {},
            "ref": null,
            "rendered": null,
            "type": "br",
          },
          Object {
            "instance": null,
            "key": undefined,
            "nodeType": "class",
            "props": Object {
              "appId": "2107292709536080",
              "autoLoad": true,
              "callback": [Function],
              "cssClass": "kep-login-facebook",
              "fields": "name,email,picture",
              "size": "metro",
              "tag": "button",
              "textButton": "Login with Facebook",
              "typeButton": "button",
            },
            "ref": null,
            "rendered": null,
            "type": [Function],
          },
        ],
        "type": "p",
      },
      Object {
        "instance": null,
        "key": undefined,
        "nodeType": "host",
        "props": Object {},
        "ref": null,
        "rendered": null,
        "type": "br",
      },
      Object {
        "instance": null,
        "key": undefined,
        "nodeType": "host",
        "props": Object {},
        "ref": null,
        "rendered": null,
        "type": "br",
      },
      "User logged: ",
      undefined,
    ],
    "type": [Function],
  },
  Symbol(enzyme.__nodes__): Array [
    Object {
      "instance": null,
      "key": undefined,
      "nodeType": "class",
      "props": Object {
        "children": Array [
          <p>
            GetStream status: 
            pending
            <br />
            Message from contract: 
            <br />
            <br />
            <t
              appId="2107292709536080"
              autoLoad={true}
              callback={[Function]}
              cssClass="kep-login-facebook"
              fields="name,email,picture"
              size="metro"
              tag="button"
              textButton="Login with Facebook"
              typeButton="button"
            />
          </p>,
          <br />,
          <br />,
          "User logged: ",
          undefined,
        ],
      },
      "ref": null,
      "rendered": Array [
        Object {
          "instance": null,
          "key": undefined,
          "nodeType": "host",
          "props": Object {
            "children": Array [
              "GetStream status: ",
              "pending",
              <br />,
              "Message from contract: ",
              undefined,
              <br />,
              <br />,
              <t
                appId="2107292709536080"
                autoLoad={true}
                callback={[Function]}
                cssClass="kep-login-facebook"
                fields="name,email,picture"
                size="metro"
                tag="button"
                textButton="Login with Facebook"
                typeButton="button"
              />,
            ],
          },
          "ref": null,
          "rendered": Array [
            "GetStream status: ",
            "pending",
            Object {
              "instance": null,
              "key": undefined,
              "nodeType": "host",
              "props": Object {},
              "ref": null,
              "rendered": null,
              "type": "br",
            },
            "Message from contract: ",
            undefined,
            Object {
              "instance": null,
              "key": undefined,
              "nodeType": "host",
              "props": Object {},
              "ref": null,
              "rendered": null,
              "type": "br",
            },
            Object {
              "instance": null,
              "key": undefined,
              "nodeType": "host",
              "props": Object {},
              "ref": null,
              "rendered": null,
              "type": "br",
            },
            Object {
              "instance": null,
              "key": undefined,
              "nodeType": "class",
              "props": Object {
                "appId": "2107292709536080",
                "autoLoad": true,
                "callback": [Function],
                "cssClass": "kep-login-facebook",
                "fields": "name,email,picture",
                "size": "metro",
                "tag": "button",
                "textButton": "Login with Facebook",
                "typeButton": "button",
              },
              "ref": null,
              "rendered": null,
              "type": [Function],
            },
          ],
          "type": "p",
        },
        Object {
          "instance": null,
          "key": undefined,
          "nodeType": "host",
          "props": Object {},
          "ref": null,
          "rendered": null,
          "type": "br",
        },
        Object {
          "instance": null,
          "key": undefined,
          "nodeType": "host",
          "props": Object {},
          "ref": null,
          "rendered": null,
          "type": "br",
        },
        "User logged: ",
        undefined,
      ],
      "type": [Function],
    },
  ],
  Symbol(enzyme.__options__): Object {
    "adapter": ReactSixteenAdapter {
      "options": Object {
        "enableComponentDidUpdateOnSetState": true,
      },
    },
  },
}
`;
